###############################################################################
#
# IAR ELF Linker V8.40.2.214/W32 for ARM                  08/May/2026  17:24:21
# Copyright 2007-2019 IAR Systems AB.
#
#    Output file  =  C:\Users\12018\Desktop\auto_test\Debug\Exe\auto_test.out
#    Map file     =  C:\Users\12018\Desktop\auto_test\Debug\List\auto_test.map
#    Command line =
#        -f C:\Users\12018\AppData\Local\Temp\EWABCA.tmp
#        (C:\Users\12018\Desktop\auto_test\Debug\Obj\drv_adc.o
#        C:\Users\12018\Desktop\auto_test\Debug\Obj\drv_pwm.o
#        C:\Users\12018\Desktop\auto_test\Debug\Obj\main.o
#        C:\Users\12018\Desktop\auto_test\Debug\Obj\mainprocess.o
#        C:\Users\12018\Desktop\auto_test\Debug\Obj\misc.o
#        C:\Users\12018\Desktop\auto_test\Debug\Obj\my_rtt_debug.o
#        C:\Users\12018\Desktop\auto_test\Debug\Obj\mydev.o
#        C:\Users\12018\Desktop\auto_test\Debug\Obj\SEGGER_RTT.o
#        C:\Users\12018\Desktop\auto_test\Debug\Obj\startup_stm32f10x_md.o
#        C:\Users\12018\Desktop\auto_test\Debug\Obj\stm32f10x_adc.o
#        C:\Users\12018\Desktop\auto_test\Debug\Obj\stm32f10x_flash.o
#        C:\Users\12018\Desktop\auto_test\Debug\Obj\stm32f10x_gpio.o
#        C:\Users\12018\Desktop\auto_test\Debug\Obj\stm32f10x_it.o
#        C:\Users\12018\Desktop\auto_test\Debug\Obj\stm32f10x_rcc.o
#        C:\Users\12018\Desktop\auto_test\Debug\Obj\stm32f10x_tim.o
#        C:\Users\12018\Desktop\auto_test\Debug\Obj\system_stm32f10x.o
#        --no_out_extension -o
#        C:\Users\12018\Desktop\auto_test\Debug\Exe\auto_test.out --map
#        C:\Users\12018\Desktop\auto_test\Debug\List\auto_test.map --config
#        "C:\Program Files (x86)\IAR Systems\Embedded Workbench
#        8.3\arm\config\linker\ST\stm32f103xB.icf" --semihosting --entry
#        __iar_program_start --vfe --text_out locale)
#
###############################################################################

*******************************************************************************
*** RUNTIME MODEL ATTRIBUTES
***

CppFlavor       = *
__SystemLibrary = DLib
__dlib_version  = 6


*******************************************************************************
*** HEAP SELECTION
***

The basic heap was selected because no calls to memory allocation
functions were found in the application outside of system library
functions, and there are calls to deallocation functions in the
application.


*******************************************************************************
*** PLACEMENT SUMMARY
***

"A0":  place at address 0x800'0000 { ro section .intvec };
"P1":  place in [from 0x800'0000 to 0x801'ffff] { ro };
define block CSTACK with size = 2K, alignment = 8 { };
define block HEAP with size = 2K, alignment = 8 { };
"P2":  place in [from 0x2000'0000 to 0x2000'4fff] {
          rw, block CSTACK, block HEAP };

  Section          Kind         Address    Size  Object
  -------          ----         -------    ----  ------
"A0":                                      0x3c
  .intvec          ro code   0x800'0000    0x3c  cstartup.o [3]
                           - 0x800'003c    0x3c

"P1":                                    0x1390
  .text            ro code   0x800'003c   0x290  mainprocess.o [1]
  .text            ro code   0x800'02cc    0xbc  main.o [1]
  .text            ro code   0x800'0388    0xea  my_rtt_debug.o [1]
  .text            ro code   0x800'0472    0x1e  xsnprout.o [2]
  .text            ro code   0x800'0490   0x130  drv_pwm.o [1]
  .text            ro code   0x800'05c0    0xd4  drv_adc.o [1]
  .text            ro code   0x800'0694    0x20  mydev.o [1]
  .text            ro code   0x800'06b4   0x19c  stm32f10x_rcc.o [1]
  .text            ro code   0x800'0850    0x1c  stm32f10x_flash.o [1]
  .text            ro code   0x800'086c    0xf0  SEGGER_RTT.o [1]
  .text            ro code   0x800'095c    0x4c  snprintf.o [2]
  Veneer           ro code   0x800'09a8     0x4  - Linker created -
  .text            ro code   0x800'09ac    0x54  strlen.o [3]
  .text            ro code   0x800'0a00    0x84  stm32f10x_gpio.o [1]
  .text            ro code   0x800'0a84   0x122  stm32f10x_tim.o [1]
  Veneer           ro code   0x800'0ba8     0x4  - Linker created -
  .text            ro code   0x800'0bac   0x1a4  I32DivMod.o [3]
  .text            ro code   0x800'0d50   0x198  stm32f10x_adc.o [1]
  Veneer           ro code   0x800'0ee8     0x4  - Linker created -
  .text            ro code   0x800'0eec    0x7c  ABImemset.o [3]
  .text            ro code   0x800'0f68   0x18a  xprintftiny.o [2]
  .text            ro code   0x800'10f4     0x4  IntDivZer.o [3]
  .text            ro code   0x800'10f8     0x2  xprintftiny.o [2]
  .text            ro code   0x800'10fc    0x58  cstartup.o [3]
  Veneer           ro code   0x800'1154     0xc  - Linker created -
  Veneer           ro code   0x800'1160     0xc  - Linker created -
  Veneer           ro code   0x800'116c     0xc  - Linker created -
  Veneer           ro code   0x800'1178     0xc  - Linker created -
  .text            ro code   0x800'1184    0x30  cmain.o [3]
  .text            ro code   0x800'11b4     0x4  low_level_init.o [2]
  .text            ro code   0x800'11b8    0x32  data_init.o [3]
  .text            ro code   0x800'11ea     0xa  exit.o [2]
  .text            ro code   0x800'11f4    0x20  exit.o [4]
  Veneer           ro code   0x800'1214     0x4  - Linker created -
  .text            ro code   0x800'1218    0x10  cexit.o [3]
  .text            ro code   0x800'1228    0x3c  zero_init3.o [3]
  .rodata          const     0x800'1264    0x2c  mainprocess.o [1]
  .rodata          const     0x800'1290    0x28  mainprocess.o [1]
  .iar.init_table  const     0x800'12b8    0x10  - Linker created -
  .rodata          const     0x800'12c8    0x20  main.o [1]
  .rodata          const     0x800'12e8    0x20  mainprocess.o [1]
  .rodata          const     0x800'1308    0x20  mainprocess.o [1]
  .rodata          const     0x800'1328    0x20  mainprocess.o [1]
  .rodata          const     0x800'1348    0x20  my_rtt_debug.o [1]
  .rodata          const     0x800'1368    0x1c  mainprocess.o [1]
  .rodata          const     0x800'1384    0x14  my_rtt_debug.o [1]
  .rodata          const     0x800'1398     0xc  my_rtt_debug.o [1]
  .rodata          const     0x800'13a4     0xc  my_rtt_debug.o [1]
  .rodata          const     0x800'13b0     0xc  SEGGER_RTT.o [1]
  .rodata          const     0x800'13bc     0x8  my_rtt_debug.o [1]
  .text            ro code   0x800'13c4     0x4  vectortrap.o [3]
  .text            ro code   0x800'13c8     0x4  xreturnswi.o [4]
  .rodata          const     0x800'13cc     0x0  zero_init3.o [3]
                           - 0x800'13cc  0x1390

"P2", part 1 of 2:                        0x46c
  .bss             zero     0x2000'0000   0x400  SEGGER_RTT.o [1]
  .bss             zero     0x2000'0400    0x44  SEGGER_RTT.o [1]
  .bss             zero     0x2000'0444    0x20  mydev.o [1]
  .bss             zero     0x2000'0464     0x4  main.o [1]
  .bss             zero     0x2000'0468     0x1  SEGGER_RTT.o [1]
                          - 0x2000'0469   0x469

"P2", part 2 of 2:                        0x800
  CSTACK                    0x2000'0470   0x800  <Block>
    CSTACK         uninit   0x2000'0470   0x800  <Block tail>
                          - 0x2000'0c70   0x800

Unused ranges:

         From           To      Size
         ----           --      ----
   0x800'13cc   0x801'ffff  0x1'ec34
  0x2000'046c  0x2000'046f       0x4
  0x2000'0c70  0x2000'4fff    0x4390


*******************************************************************************
*** INIT TABLE
***

          Address      Size
          -------      ----
Zero (__iar_zero_init3)
    1 destination range, total size 0x469:
          0x2000'0000  0x469



*******************************************************************************
*** MODULE SUMMARY
***

    Module             ro code  ro data  rw data
    ------             -------  -------  -------
command line/config:
    --------------------------------------------
    Total:

C:\Users\12018\Desktop\auto_test\Debug\Obj: [1]
    SEGGER_RTT.o           240       12    1'093
    drv_adc.o              212
    drv_pwm.o              304
    main.o                 188       32        4
    mainprocess.o          656      208
    my_rtt_debug.o         234       84
    mydev.o                 32                32
    stm32f10x_adc.o        408
    stm32f10x_flash.o       28
    stm32f10x_gpio.o       132
    stm32f10x_rcc.o        412
    stm32f10x_tim.o        290
    --------------------------------------------
    Total:               3'136      336    1'129

dl4t_tln.a: [2]
    exit.o                  10
    low_level_init.o         4
    snprintf.o              76
    xprintftiny.o          396
    xsnprout.o              30
    --------------------------------------------
    Total:                 516

rt4t_al.a: [3]
    ABImemset.o            124
    I32DivMod.o            420
    IntDivZer.o              4
    cexit.o                 16
    cmain.o                 48
    cstartup.o             148
    data_init.o             50
    strlen.o                84
    vectortrap.o             4
    zero_init3.o            60
    --------------------------------------------
    Total:                 958

shs_l.a: [4]
    exit.o                  32
    xreturnswi.o             4
    --------------------------------------------
    Total:                  36

    Gaps                     6
    Linker created          64       16    2'048
------------------------------------------------
    Grand Total:         4'716      352    3'177


*******************************************************************************
*** ENTRY LIST
***

Entry                       Address   Size  Type      Object
-----                       -------   ----  ----      ------
.iar.init_table$$Base    0x800'12b8          --   Gb  - Linker created -
.iar.init_table$$Limit   0x800'12c8          --   Gb  - Linker created -
?main                    0x800'1184         Code  Gb  cmain.o [3]
ADC_Cmd                  0x800'0dc1   0x20  Code  Gb  stm32f10x_adc.o [1]
ADC_DeInit               0x800'0d51   0x20  Code  Gb  stm32f10x_adc.o [1]
ADC_GetCalibrationStatus
                         0x800'0e01    0xc  Code  Gb  stm32f10x_adc.o [1]
ADC_GetConversionValue   0x800'0ee1    0x8  Code  Gb  stm32f10x_adc.o [1]
ADC_GetFlagStatus        0x800'0ec5   0x1c  Code  Gb  stm32f10x_adc.o [1]
ADC_GetResetCalibrationStatus
                         0x800'0deb    0xc  Code  Gb  stm32f10x_adc.o [1]
ADC_Init                 0x800'0d71   0x50  Code  Gb  stm32f10x_adc.o [1]
ADC_RegularChannelConfig
                         0x800'0e0d   0x78  Code  Gb  stm32f10x_adc.o [1]
ADC_ResetCalibration     0x800'0de1    0xa  Code  Gb  stm32f10x_adc.o [1]
ADC_SoftwareStartConvCmd
                         0x800'0e85   0x22  Code  Gb  stm32f10x_adc.o [1]
ADC_StartCalibration     0x800'0df7    0xa  Code  Gb  stm32f10x_adc.o [1]
Abort_Handler            0x800'13c4         Code  Wk  vectortrap.o [3]
CSTACK$$Base            0x2000'0470          --   Gb  - Linker created -
CSTACK$$Limit           0x2000'0c70          --   Gb  - Linker created -
FIQ_Handler              0x800'13c4         Code  Wk  vectortrap.o [3]
FIQ_STACK$$Limit                0x0          --   Gb  - Linker created -
FLASH_PrefetchBufferCmd
                         0x800'085f    0xa  Code  Gb  stm32f10x_flash.o [1]
FLASH_SetLatency         0x800'0851    0xe  Code  Gb  stm32f10x_flash.o [1]
GPIO_Init                0x800'0a01   0x84  Code  Gb  stm32f10x_gpio.o [1]
IRQ_Handler              0x800'13c4         Code  Wk  vectortrap.o [3]
IRQ_STACK$$Limit                0x0          --   Gb  - Linker created -
Prefetch_Handler         0x800'13c4         Code  Wk  vectortrap.o [3]
RCC_APB1PeriphClockCmd   0x800'07b9   0x20  Code  Gb  stm32f10x_rcc.o [1]
RCC_APB2PeriphClockCmd   0x800'0799   0x20  Code  Gb  stm32f10x_rcc.o [1]
RCC_DeInit               0x800'06b5   0x2e  Code  Gb  stm32f10x_rcc.o [1]
RCC_GetFlagStatus        0x800'07d9   0x3a  Code  Gb  stm32f10x_rcc.o [1]
RCC_GetSYSCLKSource      0x800'078f    0xa  Code  Gb  stm32f10x_rcc.o [1]
RCC_HCLKConfig           0x800'071d    0xe  Code  Gb  stm32f10x_rcc.o [1]
RCC_HSEConfig            0x800'06e3   0x16  Code  Gb  stm32f10x_rcc.o [1]
RCC_PCLK1Config          0x800'072b    0xe  Code  Gb  stm32f10x_rcc.o [1]
RCC_PCLK2Config          0x800'0739    0xe  Code  Gb  stm32f10x_rcc.o [1]
RCC_PLLCmd               0x800'075b   0x26  Code  Gb  stm32f10x_rcc.o [1]
RCC_PLLConfig            0x800'0747   0x14  Code  Gb  stm32f10x_rcc.o [1]
RCC_SYSCLKConfig         0x800'0781    0xe  Code  Gb  stm32f10x_rcc.o [1]
RCC_WaitForHSEStartUp    0x800'06f9   0x24  Code  Gb  stm32f10x_rcc.o [1]
Region$$Table$$Base      0x800'12b8          --   Gb  - Linker created -
Region$$Table$$Limit     0x800'12c8          --   Gb  - Linker created -
SEGGER_RTT_Init          0x800'086d   0x7e  Code  Gb  SEGGER_RTT.o [1]
SEGGER_RTT_Init::_done  0x2000'0468    0x1  Data  Lc  SEGGER_RTT.o [1]
SEGGER_RTT_Write         0x800'08eb   0x62  Code  Gb  SEGGER_RTT.o [1]
SWI_Handler              0x800'13c4         Code  Wk  vectortrap.o [3]
TIM_ARRPreloadConfig     0x800'0b41   0x20  Code  Gb  stm32f10x_tim.o [1]
TIM_CCxCmd               0x800'0b81   0x26  Code  Gb  stm32f10x_tim.o [1]
TIM_Cmd                  0x800'0b61   0x20  Code  Gb  stm32f10x_tim.o [1]
TIM_OC1Init              0x800'0af5    0xe  Code  Gb  stm32f10x_tim.o [1]
TIM_OC1PreloadConfig     0x800'0b11   0x10  Code  Gb  stm32f10x_tim.o [1]
TIM_OC2Init              0x800'0b03    0xe  Code  Gb  stm32f10x_tim.o [1]
TIM_OC2PreloadConfig     0x800'0b21   0x12  Code  Gb  stm32f10x_tim.o [1]
TIM_TimeBaseInit         0x800'0a85   0x1e  Code  Gb  stm32f10x_tim.o [1]
TMyDev                  0x2000'0444   0x20  Data  Gb  mydev.o [1]
Undefined_Handler        0x800'13c4         Code  Wk  vectortrap.o [3]
_PrintfTiny              0x800'0f89  0x168  Code  Gb  xprintftiny.o [2]
_RTT                    0x2000'0400   0x44  Data  Lc  SEGGER_RTT.o [1]
_SNProut                 0x800'0473   0x1e  Code  Gb  xsnprout.o [2]
__aeabi_idiv0            0x800'10f4         Code  Gb  IntDivZer.o [3]
__aeabi_memset           0x800'0eec         Code  Gb  ABImemset.o [3]
__aeabi_uidiv            0x800'0bac         Code  Gb  I32DivMod.o [3]
__aeabi_uidivmod         0x800'0bac         Code  Gb  I32DivMod.o [3]
__cmain                  0x800'1184         Code  Gb  cmain.o [3]
__exit                   0x800'11f4   0x20  Code  Gb  exit.o [4]
__iar_Memset             0x800'0eec         Code  Gb  ABImemset.o [3]
__iar_Memset_word        0x800'0ef8         Code  Gb  ABImemset.o [3]
__iar_data_init3         0x800'11b9   0x30  Code  Gb  data_init.o [3]
__iar_program_start      0x800'10fc         Code  Gb  cstartup.o [3]
__iar_return_from_swi    0x800'13c8    0x4  Code  Gb  xreturnswi.o [4]
__iar_zero_init3         0x800'1229   0x3c  Code  Gb  zero_init3.o [3]
__low_level_init         0x800'11b5    0x4  Code  Gb  low_level_init.o [2]
__vector                 0x800'0000         Data  Gb  cstartup.o [3]
_aUpBuffer              0x2000'0000  0x400  Data  Lc  SEGGER_RTT.o [1]
_call_main               0x800'119c         Code  Gb  cmain.o [3]
_exit                    0x800'1218         Code  Gb  cexit.o [3]
_main                    0x800'11a4         Code  Gb  cmain.o [3]
check_voltage            0x800'003d   0x42  Code  Lc  mainprocess.o [1]
drv_adc_init             0x800'05c1   0x82  Code  Gb  drv_adc.o [1]
drv_adc_read             0x800'0643   0x34  Code  Gb  drv_adc.o [1]
drv_adc_to_voltage       0x800'0677   0x10  Code  Gb  drv_adc.o [1]
drv_pwm_init             0x800'0491   0x98  Code  Gb  drv_pwm.o [1]
drv_pwm_off              0x800'057d   0x30  Code  Gb  drv_pwm.o [1]
drv_pwm_on               0x800'0529   0x54  Code  Gb  drv_pwm.o [1]
exit                     0x800'11eb    0xa  Code  Gb  exit.o [2]
g_sys_tick              0x2000'0464    0x4  Data  Lc  main.o [1]
get_local_absolute_time
                         0x800'02cd    0x6  Code  Gb  main.o [1]
main                     0x800'0337   0x32  Code  Gb  main.o [1]
mainprocess_parse        0x800'007f  0x22c  Code  Gb  mainprocess.o [1]
mydev_init               0x800'0695   0x20  Code  Gb  mydev.o [1]
oc_init                  0x800'0aa3   0x52  Code  Lc  stm32f10x_tim.o [1]
out                      0x800'0f69   0x20  Code  Lc  xprintftiny.o [2]
result_name              0x800'0393   0x24  Code  Lc  my_rtt_debug.o [1]
rtt_debug_init           0x800'0389    0xa  Code  Gb  my_rtt_debug.o [1]
rtt_print_adc            0x800'03b7   0x44  Code  Gb  my_rtt_debug.o [1]
rtt_print_msg            0x800'0459   0x1a  Code  Gb  my_rtt_debug.o [1]
rtt_print_pwm            0x800'03fb   0x3c  Code  Gb  my_rtt_debug.o [1]
snprintf                 0x800'095d   0x4c  Code  Gb  snprintf.o [2]
strlen                   0x800'09ac         Code  Gb  strlen.o [3]
system_clock_init        0x800'02d3   0x64  Code  Lc  main.o [1]


[1] = C:\Users\12018\Desktop\auto_test\Debug\Obj
[2] = dl4t_tln.a
[3] = rt4t_al.a
[4] = shs_l.a

  4'716 bytes of readonly  code memory
    352 bytes of readonly  data memory
  3'177 bytes of readwrite data memory

Errors: none
Warnings: none
